SQL> set echo on
SQL> set serveroutput on
SQL> SELECT employee_id, salary FROM employees WHERE employee_id = 100;

EMPLOYEE_ID     SALARY                                                          
----------- ----------                                                          
        100      26460                                                          

SQL> @scripts/8_1_1.sql
SQL> -- Code Sample A
SQL> DECLARE
  2  	     v_empid employees.employee_id%TYPE := 100;
  3  	     v_percent_increase NUMBER(2,2) := .05;
  4  BEGIN
  5  	     UPDATE employees
  6  	     SET salary = (salary * v_percent_increase) + salary
  7  	     WHERE employee_id = v_empid;
  8  END;
  9  /

PL/SQL procedure successfully completed.

SQL> 
SQL> SELECT employee_id, salary FROM employees WHERE employee_id = 100;

EMPLOYEE_ID     SALARY                                                          
----------- ----------                                                          
        100      27783                                                          

SQL> @scripts/8_1_1.sql
SQL> -- Code Sample A
SQL> /*
SQL> DECLARE
SQL> 	     v_empid employees.employee_id%TYPE := 100;
SQL> 	     v_percent_increase NUMBER(2,2) := .05;
SQL> BEGIN
SQL> 	     UPDATE employees
SQL> 	     SET salary = (salary * v_percent_increase) + salary
SQL> 	     WHERE employee_id = v_empid;
SQL> END;
SQL> /
SQL> */
SQL> -- Code Sample B
SQL> CREATE PROCEDURE pay_raise
  2  	     (p_empid employees employee_id%TYPE,
  3  	     p_percent_increase NUMBER)
  4  	     IS
  5  BEGIN
  6  	     UPDATE employees
  7  	     SET salary = (salary * p_percent_increase) + salary
  8  	     WHERE employee_id = p_empid;
  9  END pay_raise;
 10  /

Warning: Procedure created with compilation errors.

SQL> @scripts/8_1_4.sql
SQL> --Create Employee Dups
SQL> DROP TABLE employees_dup;
DROP TABLE employees_dup
           *
ERROR at line 1:
ORA-00942: table or view does not exist 


SQL> CREATE TABLE employees_dup AS SELECT * FROM employees;

Table created.

SQL> 
SQL> @scripts/8_1_4.sql
SQL> --Create Employee Dups
SQL> /*
SQL> DROP TABLE employees_dup;
SQL> CREATE TABLE employees_dup AS SELECT * FROM employees;
SQL> */
SQL> --A) Create name_change procedure
SQL> CREATE OR REPLACE PROCEDURE name_change IS
  2  BEGIN
  3  	     UPDATE employees_dup
  4  	     SET first_name = 'Susan'
  5  	     WHERE department_id = 80;
  6  END name_change;
  7  /

Procedure created.

SQL> SELECT first_name, department_id FROM employees_dup WHERE department_id = 80;

FIRST_NAME           DEPARTMENT_ID                                              
-------------------- -------------                                              
Eleni                           80                                              
Ellen                           80                                              
Jonathon                        80                                              
Nick                            80                                              

SQL> @scripts/8_1_4.sql
SQL> --Create Employee Dups
SQL> /*
SQL> DROP TABLE employees_dup;
SQL> CREATE TABLE employees_dup AS SELECT * FROM employees;
SQL> 
SQL> --A) Create name_change procedure
SQL> CREATE OR REPLACE PROCEDURE name_change IS
SQL> BEGIN
SQL> 	     UPDATE employees_dup
SQL> 	     SET first_name = 'Susan'
SQL> 	     WHERE department_id = 80;
SQL> END name_change;
SQL> /
SQL> */
SQL> -- B) INVOKE the procedure
SQL> BEGIN
  2  	     name_change;
  3  END;
  4  /

PL/SQL procedure successfully completed.

SQL> SELECT first_name, department_id FROM employees_dup WHERE department_id = 80;

FIRST_NAME           DEPARTMENT_ID                                              
-------------------- -------------                                              
Susan                           80                                              
Susan                           80                                              
Susan                           80                                              
Susan                           80                                              

SQL> @scripts/8_1_5.sql
SQL> -- Create Stored Procedure 'pay_raise'
SQL> CREATE OR REPLACE PROCEDURE pay_raise IS
  2  BEGIN
  3  	     UPDATE employees_dup
  4  	     SET salary = 30000;
  5  END pay_raise;
  6  /

Procedure created.

SQL> 
SQL> @scripts/8_1_5.sql
SQL> -- Create Stored Procedure 'pay_raise'
SQL> /*
SQL> CREATE OR REPLACE PROCEDURE pay_raise IS
SQL> BEGIN
SQL> 	     UPDATE employees_dup
SQL> 	     SET salary = 30000;
SQL> END pay_raise;
SQL> /
SQL> */
SQL> -- Run the Procedure
SQL> BEGIN
  2  	     pay_raise;
  3  END;
  4  /

PL/SQL procedure successfully completed.

SQL> SELECT salary, department_id FROM employees_dup;

    SALARY DEPARTMENT_ID                                                        
---------- -------------                                                        
     30000            90                                                        
     30000            90                                                        
     30000            90                                                        
     30000            10                                                        
     30000           110                                                        
     30000           110                                                        
     30000            80                                                        
     30000            80                                                        
     30000            80                                                        
     30000                                                                      
     30000            50                                                        

    SALARY DEPARTMENT_ID                                                        
---------- -------------                                                        
     30000            50                                                        
     30000            50                                                        
     30000            50                                                        
     30000            50                                                        
     30000            60                                                        
     30000            60                                                        
     30000            60                                                        
     30000            20                                                        
     30000            20                                                        
     30000            85                                                        
     30000            85                                                        

    SALARY DEPARTMENT_ID                                                        
---------- -------------                                                        
     30000            85                                                        
     30000            85                                                        
     30000            80                                                        
     30000            20                                                        
     30000            50                                                        
     30000            20                                                        
     30000            20                                                        
     30000            50                                                        
     30000            60                                                        
     30000            60                                                        
     30000           110                                                        

    SALARY DEPARTMENT_ID                                                        
---------- -------------                                                        
     30000            10                                                        
     30000            10                                                        
     30000            10                                                        
     30000            20                                                        
     30000           110                                                        
     30000           110                                                        
     30000            20                                                        

40 rows selected.

SQL> @scripts/8_1_6.sql
SQL> -- Editing Stored Procedure 'name_change'
SQL> CREATE PROCEDURE name_change IS
  2  BEGIN
  3  	     UPDAT employees_dup
  4  	     SET first_name = 'Susan'
  5  	     WHERE department_id = 80;
  6  END name_change;
  7  /
CREATE PROCEDURE name_change IS
                 *
ERROR at line 1:
ORA-00955: name is already used by an existing object 


SQL> @scripts/8_1_7.sql
SQL> -- Editing Stored Procedure 'name_change' without errors
SQL> CREATE OR REPLACE PROCEDURE name_change IS
  2  BEGIN
  3  	     UPDATE employees_dup
  4  	     SET first_name = 'Susan'
  5  	     WHERE department_id = 80;
  6  END name_change;
  7  /

Procedure created.

SQL> SELECT department_id, salary FROM employees_dup;

DEPARTMENT_ID     SALARY                                                        
------------- ----------                                                        
           90      30000                                                        
           90      30000                                                        
           90      30000                                                        
           10      30000                                                        
          110      30000                                                        
          110      30000                                                        
           80      30000                                                        
           80      30000                                                        
           80      30000                                                        
                   30000                                                        
           50      30000                                                        

DEPARTMENT_ID     SALARY                                                        
------------- ----------                                                        
           50      30000                                                        
           50      30000                                                        
           50      30000                                                        
           50      30000                                                        
           60      30000                                                        
           60      30000                                                        
           60      30000                                                        
           20      30000                                                        
           20      30000                                                        
           85      30000                                                        
           85      30000                                                        

DEPARTMENT_ID     SALARY                                                        
------------- ----------                                                        
           85      30000                                                        
           85      30000                                                        
           80      30000                                                        
           20      30000                                                        
           50      30000                                                        
           20      30000                                                        
           20      30000                                                        
           50      30000                                                        
           60      30000                                                        
           60      30000                                                        
          110      30000                                                        

DEPARTMENT_ID     SALARY                                                        
------------- ----------                                                        
           10      30000                                                        
           10      30000                                                        
           10      30000                                                        
           20      30000                                                        
          110      30000                                                        
          110      30000                                                        
           20      30000                                                        

40 rows selected.

SQL> @scripts/8_1_8.sql
SQL> -- Editing Stored Procedure 'pay_raise' for the last question!
SQL> /*
SQL> CREATE OR REPLACE PROCEDURE pay_raise IS
SQL> BEGIN
SQL> 	     UPDATE employees_dup
SQL> 	     SET salary = 1000
SQL> 	     WHERE department_id = 80;
SQL> 
SQL> 	     UPDATE employees_dup
SQL> 	     SET salary = 2000
SQL> 	     WHERE department_id = 50;
SQL> 
SQL> 	     UPDATE employees_dup
SQL> 	     SET salary = 3000
SQL> 	     WHERE (department_id != 80 AND department_id != 50);
SQL> END pay_raise;
SQL> /
SQL> */
SQL> -- Running Procedure
SQL> BEGIN
  2  	     pay_raise;
  3  END;
  4  /

PL/SQL procedure successfully completed.

SQL> SELECT department_id, salary FROM employees_dup ORDER BY department_id ASC;

DEPARTMENT_ID     SALARY                                                        
------------- ----------                                                        
           10      30000                                                        
           10      30000                                                        
           10      30000                                                        
           10      30000                                                        
           20      30000                                                        
           20      30000                                                        
           20      30000                                                        
           20      30000                                                        
           20      30000                                                        
           20      30000                                                        
           20      30000                                                        

DEPARTMENT_ID     SALARY                                                        
------------- ----------                                                        
           50      30000                                                        
           50      30000                                                        
           50      30000                                                        
           50      30000                                                        
           50      30000                                                        
           50      30000                                                        
           50      30000                                                        
           60      30000                                                        
           60      30000                                                        
           60      30000                                                        
           60      30000                                                        

DEPARTMENT_ID     SALARY                                                        
------------- ----------                                                        
           60      30000                                                        
           80      30000                                                        
           80      30000                                                        
           80      30000                                                        
           80      30000                                                        
           85      30000                                                        
           85      30000                                                        
           85      30000                                                        
           85      30000                                                        
           90      30000                                                        
           90      30000                                                        

DEPARTMENT_ID     SALARY                                                        
------------- ----------                                                        
           90      30000                                                        
          110      30000                                                        
          110      30000                                                        
          110      30000                                                        
          110      30000                                                        
          110      30000                                                        
                   30000                                                        

40 rows selected.

SQL> @scripts/8_1_8.sql
SQL> -- Editing Stored Procedure 'pay_raise' for the last question!
SQL> CREATE OR REPLACE PROCEDURE pay_raise IS
  2  BEGIN
  3  	     UPDATE employees_dup
  4  	     SET salary = 1000
  5  	     WHERE department_id = 80;
  6  
  7  	     UPDATE employees_dup
  8  	     SET salary = 2000
  9  	     WHERE department_id = 50;
 10  
 11  	     UPDATE employees_dup
 12  	     SET salary = 3000
 13  	     WHERE (department_id != 80 AND department_id != 50);
 14  END pay_raise;
 15  /

Procedure created.

SQL> @scripts/8_1_8.sql
SQL> -- Editing Stored Procedure 'pay_raise' for the last question!
SQL> /*
SQL> CREATE OR REPLACE PROCEDURE pay_raise IS
SQL> BEGIN
SQL> 	     UPDATE employees_dup
SQL> 	     SET salary = 1000
SQL> 	     WHERE department_id = 80;
SQL> 
SQL> 	     UPDATE employees_dup
SQL> 	     SET salary = 2000
SQL> 	     WHERE department_id = 50;
SQL> 
SQL> 	     UPDATE employees_dup
SQL> 	     SET salary = 3000
SQL> 	     WHERE (department_id != 80 AND department_id != 50);
SQL> END pay_raise;
SQL> /
SQL> */
SQL> -- Running Procedure
SQL> BEGIN
  2  	     pay_raise;
  3  END;
  4  /

PL/SQL procedure successfully completed.

SQL> SELECT department_id, salary FROM employees_id ORDER BY department_id ASC;
SELECT department_id, salary FROM employees_id ORDER BY department_id ASC
                                  *
ERROR at line 1:
ORA-00942: table or view does not exist 


SQL> SELECT department_id, salary FROM employees_dup ORDER BY department_id ASC;

DEPARTMENT_ID     SALARY                                                        
------------- ----------                                                        
           10       3000                                                        
           10       3000                                                        
           10       3000                                                        
           10       3000                                                        
           20       3000                                                        
           20       3000                                                        
           20       3000                                                        
           20       3000                                                        
           20       3000                                                        
           20       3000                                                        
           20       3000                                                        

DEPARTMENT_ID     SALARY                                                        
------------- ----------                                                        
           50       2000                                                        
           50       2000                                                        
           50       2000                                                        
           50       2000                                                        
           50       2000                                                        
           50       2000                                                        
           50       2000                                                        
           60       3000                                                        
           60       3000                                                        
           60       3000                                                        
           60       3000                                                        

DEPARTMENT_ID     SALARY                                                        
------------- ----------                                                        
           60       3000                                                        
           80       1000                                                        
           80       1000                                                        
           80       1000                                                        
           80       1000                                                        
           85       3000                                                        
           85       3000                                                        
           85       3000                                                        
           85       3000                                                        
           90       3000                                                        
           90       3000                                                        

DEPARTMENT_ID     SALARY                                                        
------------- ----------                                                        
           90       3000                                                        
          110       3000                                                        
          110       3000                                                        
          110       3000                                                        
          110       3000                                                        
          110       3000                                                        
                   30000                                                        

40 rows selected.

SQL> spool off
